⚠ [3095/3102] Replayed ConwaySoifer.Geometry.Support
warning: ConwaySoifer/Geometry/Support.lean:38:54: Used `tac1 <;> tac2` where `(tac1; tac2)` would suffice

Note: This linter can be disabled with `set_option linter.unnecessarySeqFocus false`
warning: ConwaySoifer/Geometry/Support.lean:42:32: Used `tac1 <;> tac2` where `(tac1; tac2)` would suffice

Note: This linter can be disabled with `set_option linter.unnecessarySeqFocus false`
warning: ConwaySoifer/Geometry/Support.lean:46:32: Used `tac1 <;> tac2` where `(tac1; tac2)` would suffice

Note: This linter can be disabled with `set_option linter.unnecessarySeqFocus false`
warning: ConwaySoifer/Geometry/Support.lean:50:32: Used `tac1 <;> tac2` where `(tac1; tac2)` would suffice

Note: This linter can be disabled with `set_option linter.unnecessarySeqFocus false`
warning: ConwaySoifer/Geometry/Support.lean:54:32: Used `tac1 <;> tac2` where `(tac1; tac2)` would suffice

Note: This linter can be disabled with `set_option linter.unnecessarySeqFocus false`
warning: ConwaySoifer/Geometry/Support.lean:68:39: Used `tac1 <;> tac2` where `(tac1; tac2)` would suffice

Note: This linter can be disabled with `set_option linter.unnecessarySeqFocus false`
warning: ConwaySoifer/Geometry/Support.lean:72:43: this tactic is never executed

Note: This linter can be disabled with `set_option linter.unreachableTactic false`
warning: ConwaySoifer/Geometry/Support.lean:72:43: 'ring' tactic does nothing

Note: This linter can be disabled with `set_option linter.unusedTactic false`
warning: ConwaySoifer/Geometry/Support.lean:76:53: this tactic is never executed

Note: This linter can be disabled with `set_option linter.unreachableTactic false`
warning: ConwaySoifer/Geometry/Support.lean:76:53: 'ring' tactic does nothing

Note: This linter can be disabled with `set_option linter.unusedTactic false`
warning: ConwaySoifer/Geometry/Support.lean:80:48: this tactic is never executed

Note: This linter can be disabled with `set_option linter.unreachableTactic false`
warning: ConwaySoifer/Geometry/Support.lean:80:48: 'ring' tactic does nothing

Note: This linter can be disabled with `set_option linter.unusedTactic false`
warning: ConwaySoifer/Geometry/Support.lean:323:61: Used `tac1 <;> tac2` where `(tac1; tac2)` would suffice

Note: This linter can be disabled with `set_option linter.unnecessarySeqFocus false`
warning: ConwaySoifer/Geometry/Support.lean:326:64: Used `tac1 <;> tac2` where `(tac1; tac2)` would suffice

Note: This linter can be disabled with `set_option linter.unnecessarySeqFocus false`
warning: ConwaySoifer/Geometry/Support.lean:329:64: Used `tac1 <;> tac2` where `(tac1; tac2)` would suffice

Note: This linter can be disabled with `set_option linter.unnecessarySeqFocus false`
warning: ConwaySoifer/Geometry/Support.lean:565:33: Used `tac1 <;> tac2` where `(tac1; tac2)` would suffice

Note: This linter can be disabled with `set_option linter.unnecessarySeqFocus false`
⚠ [3097/3102] Replayed ConwaySoifer.Certificates.CheckerSound
warning: ConwaySoifer/Certificates/CheckerSound.lean:670:33: This simp argument is unused:
  hord

Hint: Omit it from the simp argument list.
  simp [ordinaryCheck,̵ ̵h̵o̵r̵d̵] at h

Note: This linter can be disabled with `set_option linter.unusedSimpArgs false`
✔ [3100/3102] Built ConwaySoifer.Simplified.Certificates.Data.Sext_320000_330000 (2.0s)
✔ [3101/3102] Built ConwaySoifer.Simplified.Certificates.Checkpoints.Sext_320000_330000 (6.2s)
✔ [3102/3102] Built ConwaySoifer.Simplified.Certificates.Steps.Sext_320000_330000_0 (19s)
Build completed successfully (3102 jobs).
⚠ [3096/3102] Replayed ConwaySoifer.Geometry.Support
warning: ConwaySoifer/Geometry/Support.lean:38:54: Used `tac1 <;> tac2` where `(tac1; tac2)` would suffice

Note: This linter can be disabled with `set_option linter.unnecessarySeqFocus false`
warning: ConwaySoifer/Geometry/Support.lean:42:32: Used `tac1 <;> tac2` where `(tac1; tac2)` would suffice

Note: This linter can be disabled with `set_option linter.unnecessarySeqFocus false`
warning: ConwaySoifer/Geometry/Support.lean:46:32: Used `tac1 <;> tac2` where `(tac1; tac2)` would suffice

Note: This linter can be disabled with `set_option linter.unnecessarySeqFocus false`
warning: ConwaySoifer/Geometry/Support.lean:50:32: Used `tac1 <;> tac2` where `(tac1; tac2)` would suffice

Note: This linter can be disabled with `set_option linter.unnecessarySeqFocus false`
warning: ConwaySoifer/Geometry/Support.lean:54:32: Used `tac1 <;> tac2` where `(tac1; tac2)` would suffice

Note: This linter can be disabled with `set_option linter.unnecessarySeqFocus false`
warning: ConwaySoifer/Geometry/Support.lean:68:39: Used `tac1 <;> tac2` where `(tac1; tac2)` would suffice

Note: This linter can be disabled with `set_option linter.unnecessarySeqFocus false`
warning: ConwaySoifer/Geometry/Support.lean:72:43: this tactic is never executed

Note: This linter can be disabled with `set_option linter.unreachableTactic false`
warning: ConwaySoifer/Geometry/Support.lean:72:43: 'ring' tactic does nothing

Note: This linter can be disabled with `set_option linter.unusedTactic false`
warning: ConwaySoifer/Geometry/Support.lean:76:53: this tactic is never executed

Note: This linter can be disabled with `set_option linter.unreachableTactic false`
warning: ConwaySoifer/Geometry/Support.lean:76:53: 'ring' tactic does nothing

Note: This linter can be disabled with `set_option linter.unusedTactic false`
warning: ConwaySoifer/Geometry/Support.lean:80:48: this tactic is never executed

Note: This linter can be disabled with `set_option linter.unreachableTactic false`
warning: ConwaySoifer/Geometry/Support.lean:80:48: 'ring' tactic does nothing

Note: This linter can be disabled with `set_option linter.unusedTactic false`
warning: ConwaySoifer/Geometry/Support.lean:323:61: Used `tac1 <;> tac2` where `(tac1; tac2)` would suffice

Note: This linter can be disabled with `set_option linter.unnecessarySeqFocus false`
warning: ConwaySoifer/Geometry/Support.lean:326:64: Used `tac1 <;> tac2` where `(tac1; tac2)` would suffice

Note: This linter can be disabled with `set_option linter.unnecessarySeqFocus false`
warning: ConwaySoifer/Geometry/Support.lean:329:64: Used `tac1 <;> tac2` where `(tac1; tac2)` would suffice

Note: This linter can be disabled with `set_option linter.unnecessarySeqFocus false`
warning: ConwaySoifer/Geometry/Support.lean:565:33: Used `tac1 <;> tac2` where `(tac1; tac2)` would suffice

Note: This linter can be disabled with `set_option linter.unnecessarySeqFocus false`
⚠ [3098/3102] Replayed ConwaySoifer.Certificates.CheckerSound
warning: ConwaySoifer/Certificates/CheckerSound.lean:670:33: This simp argument is unused:
  hord

Hint: Omit it from the simp argument list.
  simp [ordinaryCheck,̵ ̵h̵o̵r̵d̵] at h

Note: This linter can be disabled with `set_option linter.unusedSimpArgs false`
✔ [3102/3102] Built ConwaySoifer.Simplified.Certificates.Steps.Sext_320000_330000_1 (24s)
Build completed successfully (3102 jobs).
⚠ [3096/3102] Replayed ConwaySoifer.Geometry.Support
warning: ConwaySoifer/Geometry/Support.lean:38:54: Used `tac1 <;> tac2` where `(tac1; tac2)` would suffice

Note: This linter can be disabled with `set_option linter.unnecessarySeqFocus false`
warning: ConwaySoifer/Geometry/Support.lean:42:32: Used `tac1 <;> tac2` where `(tac1; tac2)` would suffice

Note: This linter can be disabled with `set_option linter.unnecessarySeqFocus false`
warning: ConwaySoifer/Geometry/Support.lean:46:32: Used `tac1 <;> tac2` where `(tac1; tac2)` would suffice

Note: This linter can be disabled with `set_option linter.unnecessarySeqFocus false`
warning: ConwaySoifer/Geometry/Support.lean:50:32: Used `tac1 <;> tac2` where `(tac1; tac2)` would suffice

Note: This linter can be disabled with `set_option linter.unnecessarySeqFocus false`
warning: ConwaySoifer/Geometry/Support.lean:54:32: Used `tac1 <;> tac2` where `(tac1; tac2)` would suffice

Note: This linter can be disabled with `set_option linter.unnecessarySeqFocus false`
warning: ConwaySoifer/Geometry/Support.lean:68:39: Used `tac1 <;> tac2` where `(tac1; tac2)` would suffice

Note: This linter can be disabled with `set_option linter.unnecessarySeqFocus false`
warning: ConwaySoifer/Geometry/Support.lean:72:43: this tactic is never executed

Note: This linter can be disabled with `set_option linter.unreachableTactic false`
warning: ConwaySoifer/Geometry/Support.lean:72:43: 'ring' tactic does nothing

Note: This linter can be disabled with `set_option linter.unusedTactic false`
warning: ConwaySoifer/Geometry/Support.lean:76:53: this tactic is never executed

Note: This linter can be disabled with `set_option linter.unreachableTactic false`
warning: ConwaySoifer/Geometry/Support.lean:76:53: 'ring' tactic does nothing

Note: This linter can be disabled with `set_option linter.unusedTactic false`
warning: ConwaySoifer/Geometry/Support.lean:80:48: this tactic is never executed

Note: This linter can be disabled with `set_option linter.unreachableTactic false`
warning: ConwaySoifer/Geometry/Support.lean:80:48: 'ring' tactic does nothing

Note: This linter can be disabled with `set_option linter.unusedTactic false`
warning: ConwaySoifer/Geometry/Support.lean:323:61: Used `tac1 <;> tac2` where `(tac1; tac2)` would suffice

Note: This linter can be disabled with `set_option linter.unnecessarySeqFocus false`
warning: ConwaySoifer/Geometry/Support.lean:326:64: Used `tac1 <;> tac2` where `(tac1; tac2)` would suffice

Note: This linter can be disabled with `set_option linter.unnecessarySeqFocus false`
warning: ConwaySoifer/Geometry/Support.lean:329:64: Used `tac1 <;> tac2` where `(tac1; tac2)` would suffice

Note: This linter can be disabled with `set_option linter.unnecessarySeqFocus false`
warning: ConwaySoifer/Geometry/Support.lean:565:33: Used `tac1 <;> tac2` where `(tac1; tac2)` would suffice

Note: This linter can be disabled with `set_option linter.unnecessarySeqFocus false`
⚠ [3098/3102] Replayed ConwaySoifer.Certificates.CheckerSound
warning: ConwaySoifer/Certificates/CheckerSound.lean:670:33: This simp argument is unused:
  hord

Hint: Omit it from the simp argument list.
  simp [ordinaryCheck,̵ ̵h̵o̵r̵d̵] at h

Note: This linter can be disabled with `set_option linter.unusedSimpArgs false`
✔ [3102/3102] Built ConwaySoifer.Simplified.Certificates.Steps.Sext_320000_330000_2 (31s)
Build completed successfully (3102 jobs).
⚠ [3096/3102] Replayed ConwaySoifer.Geometry.Support
warning: ConwaySoifer/Geometry/Support.lean:38:54: Used `tac1 <;> tac2` where `(tac1; tac2)` would suffice

Note: This linter can be disabled with `set_option linter.unnecessarySeqFocus false`
warning: ConwaySoifer/Geometry/Support.lean:42:32: Used `tac1 <;> tac2` where `(tac1; tac2)` would suffice

Note: This linter can be disabled with `set_option linter.unnecessarySeqFocus false`
warning: ConwaySoifer/Geometry/Support.lean:46:32: Used `tac1 <;> tac2` where `(tac1; tac2)` would suffice

Note: This linter can be disabled with `set_option linter.unnecessarySeqFocus false`
warning: ConwaySoifer/Geometry/Support.lean:50:32: Used `tac1 <;> tac2` where `(tac1; tac2)` would suffice

Note: This linter can be disabled with `set_option linter.unnecessarySeqFocus false`
warning: ConwaySoifer/Geometry/Support.lean:54:32: Used `tac1 <;> tac2` where `(tac1; tac2)` would suffice

Note: This linter can be disabled with `set_option linter.unnecessarySeqFocus false`
warning: ConwaySoifer/Geometry/Support.lean:68:39: Used `tac1 <;> tac2` where `(tac1; tac2)` would suffice

Note: This linter can be disabled with `set_option linter.unnecessarySeqFocus false`
warning: ConwaySoifer/Geometry/Support.lean:72:43: this tactic is never executed

Note: This linter can be disabled with `set_option linter.unreachableTactic false`
warning: ConwaySoifer/Geometry/Support.lean:72:43: 'ring' tactic does nothing

Note: This linter can be disabled with `set_option linter.unusedTactic false`
warning: ConwaySoifer/Geometry/Support.lean:76:53: this tactic is never executed

Note: This linter can be disabled with `set_option linter.unreachableTactic false`
warning: ConwaySoifer/Geometry/Support.lean:76:53: 'ring' tactic does nothing

Note: This linter can be disabled with `set_option linter.unusedTactic false`
warning: ConwaySoifer/Geometry/Support.lean:80:48: this tactic is never executed

Note: This linter can be disabled with `set_option linter.unreachableTactic false`
warning: ConwaySoifer/Geometry/Support.lean:80:48: 'ring' tactic does nothing

Note: This linter can be disabled with `set_option linter.unusedTactic false`
warning: ConwaySoifer/Geometry/Support.lean:323:61: Used `tac1 <;> tac2` where `(tac1; tac2)` would suffice

Note: This linter can be disabled with `set_option linter.unnecessarySeqFocus false`
warning: ConwaySoifer/Geometry/Support.lean:326:64: Used `tac1 <;> tac2` where `(tac1; tac2)` would suffice

Note: This linter can be disabled with `set_option linter.unnecessarySeqFocus false`
warning: ConwaySoifer/Geometry/Support.lean:329:64: Used `tac1 <;> tac2` where `(tac1; tac2)` would suffice

Note: This linter can be disabled with `set_option linter.unnecessarySeqFocus false`
warning: ConwaySoifer/Geometry/Support.lean:565:33: Used `tac1 <;> tac2` where `(tac1; tac2)` would suffice

Note: This linter can be disabled with `set_option linter.unnecessarySeqFocus false`
⚠ [3098/3102] Replayed ConwaySoifer.Certificates.CheckerSound
warning: ConwaySoifer/Certificates/CheckerSound.lean:670:33: This simp argument is unused:
  hord

Hint: Omit it from the simp argument list.
  simp [ordinaryCheck,̵ ̵h̵o̵r̵d̵] at h

Note: This linter can be disabled with `set_option linter.unusedSimpArgs false`
✔ [3102/3102] Built ConwaySoifer.Simplified.Certificates.Steps.Sext_320000_330000_3 (20s)
Build completed successfully (3102 jobs).
⚠ [3096/3106] Replayed ConwaySoifer.Geometry.Support
warning: ConwaySoifer/Geometry/Support.lean:38:54: Used `tac1 <;> tac2` where `(tac1; tac2)` would suffice

Note: This linter can be disabled with `set_option linter.unnecessarySeqFocus false`
warning: ConwaySoifer/Geometry/Support.lean:42:32: Used `tac1 <;> tac2` where `(tac1; tac2)` would suffice

Note: This linter can be disabled with `set_option linter.unnecessarySeqFocus false`
warning: ConwaySoifer/Geometry/Support.lean:46:32: Used `tac1 <;> tac2` where `(tac1; tac2)` would suffice

Note: This linter can be disabled with `set_option linter.unnecessarySeqFocus false`
warning: ConwaySoifer/Geometry/Support.lean:50:32: Used `tac1 <;> tac2` where `(tac1; tac2)` would suffice

Note: This linter can be disabled with `set_option linter.unnecessarySeqFocus false`
warning: ConwaySoifer/Geometry/Support.lean:54:32: Used `tac1 <;> tac2` where `(tac1; tac2)` would suffice

Note: This linter can be disabled with `set_option linter.unnecessarySeqFocus false`
warning: ConwaySoifer/Geometry/Support.lean:68:39: Used `tac1 <;> tac2` where `(tac1; tac2)` would suffice

Note: This linter can be disabled with `set_option linter.unnecessarySeqFocus false`
warning: ConwaySoifer/Geometry/Support.lean:72:43: this tactic is never executed

Note: This linter can be disabled with `set_option linter.unreachableTactic false`
warning: ConwaySoifer/Geometry/Support.lean:72:43: 'ring' tactic does nothing

Note: This linter can be disabled with `set_option linter.unusedTactic false`
warning: ConwaySoifer/Geometry/Support.lean:76:53: this tactic is never executed

Note: This linter can be disabled with `set_option linter.unreachableTactic false`
warning: ConwaySoifer/Geometry/Support.lean:76:53: 'ring' tactic does nothing

Note: This linter can be disabled with `set_option linter.unusedTactic false`
warning: ConwaySoifer/Geometry/Support.lean:80:48: this tactic is never executed

Note: This linter can be disabled with `set_option linter.unreachableTactic false`
warning: ConwaySoifer/Geometry/Support.lean:80:48: 'ring' tactic does nothing

Note: This linter can be disabled with `set_option linter.unusedTactic false`
warning: ConwaySoifer/Geometry/Support.lean:323:61: Used `tac1 <;> tac2` where `(tac1; tac2)` would suffice

Note: This linter can be disabled with `set_option linter.unnecessarySeqFocus false`
warning: ConwaySoifer/Geometry/Support.lean:326:64: Used `tac1 <;> tac2` where `(tac1; tac2)` would suffice

Note: This linter can be disabled with `set_option linter.unnecessarySeqFocus false`
warning: ConwaySoifer/Geometry/Support.lean:329:64: Used `tac1 <;> tac2` where `(tac1; tac2)` would suffice

Note: This linter can be disabled with `set_option linter.unnecessarySeqFocus false`
warning: ConwaySoifer/Geometry/Support.lean:565:33: Used `tac1 <;> tac2` where `(tac1; tac2)` would suffice

Note: This linter can be disabled with `set_option linter.unnecessarySeqFocus false`
⚠ [3098/3106] Replayed ConwaySoifer.Certificates.CheckerSound
warning: ConwaySoifer/Certificates/CheckerSound.lean:670:33: This simp argument is unused:
  hord

Hint: Omit it from the simp argument list.
  simp [ordinaryCheck,̵ ̵h̵o̵r̵d̵] at h

Note: This linter can be disabled with `set_option linter.unusedSimpArgs false`
✔ [3106/3106] Built ConwaySoifer.Simplified.Certificates.Checked.Sext_320000_330000 (3.8s)
Build completed successfully (3106 jobs).
