⚠ [3095/3102] Replayed ConwaySoifer.Geometry.Support
warning: ConwaySoifer/Geometry/Support.lean:38:54: Used `tac1 <;> tac2` where `(tac1; tac2)` would suffice

Note: This linter can be disabled with `set_option linter.unnecessarySeqFocus false`
warning: ConwaySoifer/Geometry/Support.lean:42:32: Used `tac1 <;> tac2` where `(tac1; tac2)` would suffice

Note: This linter can be disabled with `set_option linter.unnecessarySeqFocus false`
warning: ConwaySoifer/Geometry/Support.lean:46:32: Used `tac1 <;> tac2` where `(tac1; tac2)` would suffice

Note: This linter can be disabled with `set_option linter.unnecessarySeqFocus false`
warning: ConwaySoifer/Geometry/Support.lean:50:32: Used `tac1 <;> tac2` where `(tac1; tac2)` would suffice

Note: This linter can be disabled with `set_option linter.unnecessarySeqFocus false`
warning: ConwaySoifer/Geometry/Support.lean:54:32: Used `tac1 <;> tac2` where `(tac1; tac2)` would suffice

Note: This linter can be disabled with `set_option linter.unnecessarySeqFocus false`
warning: ConwaySoifer/Geometry/Support.lean:68:39: Used `tac1 <;> tac2` where `(tac1; tac2)` would suffice

Note: This linter can be disabled with `set_option linter.unnecessarySeqFocus false`
warning: ConwaySoifer/Geometry/Support.lean:72:43: this tactic is never executed

Note: This linter can be disabled with `set_option linter.unreachableTactic false`
warning: ConwaySoifer/Geometry/Support.lean:72:43: 'ring' tactic does nothing

Note: This linter can be disabled with `set_option linter.unusedTactic false`
warning: ConwaySoifer/Geometry/Support.lean:76:53: this tactic is never executed

Note: This linter can be disabled with `set_option linter.unreachableTactic false`
warning: ConwaySoifer/Geometry/Support.lean:76:53: 'ring' tactic does nothing

Note: This linter can be disabled with `set_option linter.unusedTactic false`
warning: ConwaySoifer/Geometry/Support.lean:80:48: this tactic is never executed

Note: This linter can be disabled with `set_option linter.unreachableTactic false`
warning: ConwaySoifer/Geometry/Support.lean:80:48: 'ring' tactic does nothing

Note: This linter can be disabled with `set_option linter.unusedTactic false`
warning: ConwaySoifer/Geometry/Support.lean:323:61: Used `tac1 <;> tac2` where `(tac1; tac2)` would suffice

Note: This linter can be disabled with `set_option linter.unnecessarySeqFocus false`
warning: ConwaySoifer/Geometry/Support.lean:326:64: Used `tac1 <;> tac2` where `(tac1; tac2)` would suffice

Note: This linter can be disabled with `set_option linter.unnecessarySeqFocus false`
warning: ConwaySoifer/Geometry/Support.lean:329:64: Used `tac1 <;> tac2` where `(tac1; tac2)` would suffice

Note: This linter can be disabled with `set_option linter.unnecessarySeqFocus false`
warning: ConwaySoifer/Geometry/Support.lean:565:33: Used `tac1 <;> tac2` where `(tac1; tac2)` would suffice

Note: This linter can be disabled with `set_option linter.unnecessarySeqFocus false`
⚠ [3097/3102] Replayed ConwaySoifer.Certificates.CheckerSound
warning: ConwaySoifer/Certificates/CheckerSound.lean:670:33: This simp argument is unused:
  hord

Hint: Omit it from the simp argument list.
  simp [ordinaryCheck,̵ ̵h̵o̵r̵d̵] at h

Note: This linter can be disabled with `set_option linter.unusedSimpArgs false`
✔ [3100/3102] Built ConwaySoifer.Simplified.Certificates.Data.Sint_200000_210000 (2.2s)
✔ [3101/3102] Built ConwaySoifer.Simplified.Certificates.Checkpoints.Sint_200000_210000 (9.7s)
✔ [3102/3102] Built ConwaySoifer.Simplified.Certificates.Steps.Sint_200000_210000_0 (22s)
Build completed successfully (3102 jobs).
⚠ [3096/3102] Replayed ConwaySoifer.Geometry.Support
warning: ConwaySoifer/Geometry/Support.lean:38:54: Used `tac1 <;> tac2` where `(tac1; tac2)` would suffice

Note: This linter can be disabled with `set_option linter.unnecessarySeqFocus false`
warning: ConwaySoifer/Geometry/Support.lean:42:32: Used `tac1 <;> tac2` where `(tac1; tac2)` would suffice

Note: This linter can be disabled with `set_option linter.unnecessarySeqFocus false`
warning: ConwaySoifer/Geometry/Support.lean:46:32: Used `tac1 <;> tac2` where `(tac1; tac2)` would suffice

Note: This linter can be disabled with `set_option linter.unnecessarySeqFocus false`
warning: ConwaySoifer/Geometry/Support.lean:50:32: Used `tac1 <;> tac2` where `(tac1; tac2)` would suffice

Note: This linter can be disabled with `set_option linter.unnecessarySeqFocus false`
warning: ConwaySoifer/Geometry/Support.lean:54:32: Used `tac1 <;> tac2` where `(tac1; tac2)` would suffice

Note: This linter can be disabled with `set_option linter.unnecessarySeqFocus false`
warning: ConwaySoifer/Geometry/Support.lean:68:39: Used `tac1 <;> tac2` where `(tac1; tac2)` would suffice

Note: This linter can be disabled with `set_option linter.unnecessarySeqFocus false`
warning: ConwaySoifer/Geometry/Support.lean:72:43: this tactic is never executed

Note: This linter can be disabled with `set_option linter.unreachableTactic false`
warning: ConwaySoifer/Geometry/Support.lean:72:43: 'ring' tactic does nothing

Note: This linter can be disabled with `set_option linter.unusedTactic false`
warning: ConwaySoifer/Geometry/Support.lean:76:53: this tactic is never executed

Note: This linter can be disabled with `set_option linter.unreachableTactic false`
warning: ConwaySoifer/Geometry/Support.lean:76:53: 'ring' tactic does nothing

Note: This linter can be disabled with `set_option linter.unusedTactic false`
warning: ConwaySoifer/Geometry/Support.lean:80:48: this tactic is never executed

Note: This linter can be disabled with `set_option linter.unreachableTactic false`
warning: ConwaySoifer/Geometry/Support.lean:80:48: 'ring' tactic does nothing

Note: This linter can be disabled with `set_option linter.unusedTactic false`
warning: ConwaySoifer/Geometry/Support.lean:323:61: Used `tac1 <;> tac2` where `(tac1; tac2)` would suffice

Note: This linter can be disabled with `set_option linter.unnecessarySeqFocus false`
warning: ConwaySoifer/Geometry/Support.lean:326:64: Used `tac1 <;> tac2` where `(tac1; tac2)` would suffice

Note: This linter can be disabled with `set_option linter.unnecessarySeqFocus false`
warning: ConwaySoifer/Geometry/Support.lean:329:64: Used `tac1 <;> tac2` where `(tac1; tac2)` would suffice

Note: This linter can be disabled with `set_option linter.unnecessarySeqFocus false`
warning: ConwaySoifer/Geometry/Support.lean:565:33: Used `tac1 <;> tac2` where `(tac1; tac2)` would suffice

Note: This linter can be disabled with `set_option linter.unnecessarySeqFocus false`
⚠ [3098/3102] Replayed ConwaySoifer.Certificates.CheckerSound
warning: ConwaySoifer/Certificates/CheckerSound.lean:670:33: This simp argument is unused:
  hord

Hint: Omit it from the simp argument list.
  simp [ordinaryCheck,̵ ̵h̵o̵r̵d̵] at h

Note: This linter can be disabled with `set_option linter.unusedSimpArgs false`
✔ [3102/3102] Built ConwaySoifer.Simplified.Certificates.Steps.Sint_200000_210000_1 (22s)
Build completed successfully (3102 jobs).
⚠ [3096/3102] Replayed ConwaySoifer.Geometry.Support
warning: ConwaySoifer/Geometry/Support.lean:38:54: Used `tac1 <;> tac2` where `(tac1; tac2)` would suffice

Note: This linter can be disabled with `set_option linter.unnecessarySeqFocus false`
warning: ConwaySoifer/Geometry/Support.lean:42:32: Used `tac1 <;> tac2` where `(tac1; tac2)` would suffice

Note: This linter can be disabled with `set_option linter.unnecessarySeqFocus false`
warning: ConwaySoifer/Geometry/Support.lean:46:32: Used `tac1 <;> tac2` where `(tac1; tac2)` would suffice

Note: This linter can be disabled with `set_option linter.unnecessarySeqFocus false`
warning: ConwaySoifer/Geometry/Support.lean:50:32: Used `tac1 <;> tac2` where `(tac1; tac2)` would suffice

Note: This linter can be disabled with `set_option linter.unnecessarySeqFocus false`
warning: ConwaySoifer/Geometry/Support.lean:54:32: Used `tac1 <;> tac2` where `(tac1; tac2)` would suffice

Note: This linter can be disabled with `set_option linter.unnecessarySeqFocus false`
warning: ConwaySoifer/Geometry/Support.lean:68:39: Used `tac1 <;> tac2` where `(tac1; tac2)` would suffice

Note: This linter can be disabled with `set_option linter.unnecessarySeqFocus false`
warning: ConwaySoifer/Geometry/Support.lean:72:43: this tactic is never executed

Note: This linter can be disabled with `set_option linter.unreachableTactic false`
warning: ConwaySoifer/Geometry/Support.lean:72:43: 'ring' tactic does nothing

Note: This linter can be disabled with `set_option linter.unusedTactic false`
warning: ConwaySoifer/Geometry/Support.lean:76:53: this tactic is never executed

Note: This linter can be disabled with `set_option linter.unreachableTactic false`
warning: ConwaySoifer/Geometry/Support.lean:76:53: 'ring' tactic does nothing

Note: This linter can be disabled with `set_option linter.unusedTactic false`
warning: ConwaySoifer/Geometry/Support.lean:80:48: this tactic is never executed

Note: This linter can be disabled with `set_option linter.unreachableTactic false`
warning: ConwaySoifer/Geometry/Support.lean:80:48: 'ring' tactic does nothing

Note: This linter can be disabled with `set_option linter.unusedTactic false`
warning: ConwaySoifer/Geometry/Support.lean:323:61: Used `tac1 <;> tac2` where `(tac1; tac2)` would suffice

Note: This linter can be disabled with `set_option linter.unnecessarySeqFocus false`
warning: ConwaySoifer/Geometry/Support.lean:326:64: Used `tac1 <;> tac2` where `(tac1; tac2)` would suffice

Note: This linter can be disabled with `set_option linter.unnecessarySeqFocus false`
warning: ConwaySoifer/Geometry/Support.lean:329:64: Used `tac1 <;> tac2` where `(tac1; tac2)` would suffice

Note: This linter can be disabled with `set_option linter.unnecessarySeqFocus false`
warning: ConwaySoifer/Geometry/Support.lean:565:33: Used `tac1 <;> tac2` where `(tac1; tac2)` would suffice

Note: This linter can be disabled with `set_option linter.unnecessarySeqFocus false`
⚠ [3098/3102] Replayed ConwaySoifer.Certificates.CheckerSound
warning: ConwaySoifer/Certificates/CheckerSound.lean:670:33: This simp argument is unused:
  hord

Hint: Omit it from the simp argument list.
  simp [ordinaryCheck,̵ ̵h̵o̵r̵d̵] at h

Note: This linter can be disabled with `set_option linter.unusedSimpArgs false`
✔ [3102/3102] Built ConwaySoifer.Simplified.Certificates.Steps.Sint_200000_210000_2 (23s)
Build completed successfully (3102 jobs).
⚠ [3096/3102] Replayed ConwaySoifer.Geometry.Support
warning: ConwaySoifer/Geometry/Support.lean:38:54: Used `tac1 <;> tac2` where `(tac1; tac2)` would suffice

Note: This linter can be disabled with `set_option linter.unnecessarySeqFocus false`
warning: ConwaySoifer/Geometry/Support.lean:42:32: Used `tac1 <;> tac2` where `(tac1; tac2)` would suffice

Note: This linter can be disabled with `set_option linter.unnecessarySeqFocus false`
warning: ConwaySoifer/Geometry/Support.lean:46:32: Used `tac1 <;> tac2` where `(tac1; tac2)` would suffice

Note: This linter can be disabled with `set_option linter.unnecessarySeqFocus false`
warning: ConwaySoifer/Geometry/Support.lean:50:32: Used `tac1 <;> tac2` where `(tac1; tac2)` would suffice

Note: This linter can be disabled with `set_option linter.unnecessarySeqFocus false`
warning: ConwaySoifer/Geometry/Support.lean:54:32: Used `tac1 <;> tac2` where `(tac1; tac2)` would suffice

Note: This linter can be disabled with `set_option linter.unnecessarySeqFocus false`
warning: ConwaySoifer/Geometry/Support.lean:68:39: Used `tac1 <;> tac2` where `(tac1; tac2)` would suffice

Note: This linter can be disabled with `set_option linter.unnecessarySeqFocus false`
warning: ConwaySoifer/Geometry/Support.lean:72:43: this tactic is never executed

Note: This linter can be disabled with `set_option linter.unreachableTactic false`
warning: ConwaySoifer/Geometry/Support.lean:72:43: 'ring' tactic does nothing

Note: This linter can be disabled with `set_option linter.unusedTactic false`
warning: ConwaySoifer/Geometry/Support.lean:76:53: this tactic is never executed

Note: This linter can be disabled with `set_option linter.unreachableTactic false`
warning: ConwaySoifer/Geometry/Support.lean:76:53: 'ring' tactic does nothing

Note: This linter can be disabled with `set_option linter.unusedTactic false`
warning: ConwaySoifer/Geometry/Support.lean:80:48: this tactic is never executed

Note: This linter can be disabled with `set_option linter.unreachableTactic false`
warning: ConwaySoifer/Geometry/Support.lean:80:48: 'ring' tactic does nothing

Note: This linter can be disabled with `set_option linter.unusedTactic false`
warning: ConwaySoifer/Geometry/Support.lean:323:61: Used `tac1 <;> tac2` where `(tac1; tac2)` would suffice

Note: This linter can be disabled with `set_option linter.unnecessarySeqFocus false`
warning: ConwaySoifer/Geometry/Support.lean:326:64: Used `tac1 <;> tac2` where `(tac1; tac2)` would suffice

Note: This linter can be disabled with `set_option linter.unnecessarySeqFocus false`
warning: ConwaySoifer/Geometry/Support.lean:329:64: Used `tac1 <;> tac2` where `(tac1; tac2)` would suffice

Note: This linter can be disabled with `set_option linter.unnecessarySeqFocus false`
warning: ConwaySoifer/Geometry/Support.lean:565:33: Used `tac1 <;> tac2` where `(tac1; tac2)` would suffice

Note: This linter can be disabled with `set_option linter.unnecessarySeqFocus false`
⚠ [3098/3102] Replayed ConwaySoifer.Certificates.CheckerSound
warning: ConwaySoifer/Certificates/CheckerSound.lean:670:33: This simp argument is unused:
  hord

Hint: Omit it from the simp argument list.
  simp [ordinaryCheck,̵ ̵h̵o̵r̵d̵] at h

Note: This linter can be disabled with `set_option linter.unusedSimpArgs false`
✔ [3102/3102] Built ConwaySoifer.Simplified.Certificates.Steps.Sint_200000_210000_3 (21s)
Build completed successfully (3102 jobs).
⚠ [3096/3102] Replayed ConwaySoifer.Geometry.Support
warning: ConwaySoifer/Geometry/Support.lean:38:54: Used `tac1 <;> tac2` where `(tac1; tac2)` would suffice

Note: This linter can be disabled with `set_option linter.unnecessarySeqFocus false`
warning: ConwaySoifer/Geometry/Support.lean:42:32: Used `tac1 <;> tac2` where `(tac1; tac2)` would suffice

Note: This linter can be disabled with `set_option linter.unnecessarySeqFocus false`
warning: ConwaySoifer/Geometry/Support.lean:46:32: Used `tac1 <;> tac2` where `(tac1; tac2)` would suffice

Note: This linter can be disabled with `set_option linter.unnecessarySeqFocus false`
warning: ConwaySoifer/Geometry/Support.lean:50:32: Used `tac1 <;> tac2` where `(tac1; tac2)` would suffice

Note: This linter can be disabled with `set_option linter.unnecessarySeqFocus false`
warning: ConwaySoifer/Geometry/Support.lean:54:32: Used `tac1 <;> tac2` where `(tac1; tac2)` would suffice

Note: This linter can be disabled with `set_option linter.unnecessarySeqFocus false`
warning: ConwaySoifer/Geometry/Support.lean:68:39: Used `tac1 <;> tac2` where `(tac1; tac2)` would suffice

Note: This linter can be disabled with `set_option linter.unnecessarySeqFocus false`
warning: ConwaySoifer/Geometry/Support.lean:72:43: this tactic is never executed

Note: This linter can be disabled with `set_option linter.unreachableTactic false`
warning: ConwaySoifer/Geometry/Support.lean:72:43: 'ring' tactic does nothing

Note: This linter can be disabled with `set_option linter.unusedTactic false`
warning: ConwaySoifer/Geometry/Support.lean:76:53: this tactic is never executed

Note: This linter can be disabled with `set_option linter.unreachableTactic false`
warning: ConwaySoifer/Geometry/Support.lean:76:53: 'ring' tactic does nothing

Note: This linter can be disabled with `set_option linter.unusedTactic false`
warning: ConwaySoifer/Geometry/Support.lean:80:48: this tactic is never executed

Note: This linter can be disabled with `set_option linter.unreachableTactic false`
warning: ConwaySoifer/Geometry/Support.lean:80:48: 'ring' tactic does nothing

Note: This linter can be disabled with `set_option linter.unusedTactic false`
warning: ConwaySoifer/Geometry/Support.lean:323:61: Used `tac1 <;> tac2` where `(tac1; tac2)` would suffice

Note: This linter can be disabled with `set_option linter.unnecessarySeqFocus false`
warning: ConwaySoifer/Geometry/Support.lean:326:64: Used `tac1 <;> tac2` where `(tac1; tac2)` would suffice

Note: This linter can be disabled with `set_option linter.unnecessarySeqFocus false`
warning: ConwaySoifer/Geometry/Support.lean:329:64: Used `tac1 <;> tac2` where `(tac1; tac2)` would suffice

Note: This linter can be disabled with `set_option linter.unnecessarySeqFocus false`
warning: ConwaySoifer/Geometry/Support.lean:565:33: Used `tac1 <;> tac2` where `(tac1; tac2)` would suffice

Note: This linter can be disabled with `set_option linter.unnecessarySeqFocus false`
⚠ [3098/3102] Replayed ConwaySoifer.Certificates.CheckerSound
warning: ConwaySoifer/Certificates/CheckerSound.lean:670:33: This simp argument is unused:
  hord

Hint: Omit it from the simp argument list.
  simp [ordinaryCheck,̵ ̵h̵o̵r̵d̵] at h

Note: This linter can be disabled with `set_option linter.unusedSimpArgs false`
✔ [3102/3102] Built ConwaySoifer.Simplified.Certificates.Steps.Sint_200000_210000_4 (936s)
Build completed successfully (3102 jobs).
⚠ [3096/3102] Replayed ConwaySoifer.Geometry.Support
warning: ConwaySoifer/Geometry/Support.lean:38:54: Used `tac1 <;> tac2` where `(tac1; tac2)` would suffice

Note: This linter can be disabled with `set_option linter.unnecessarySeqFocus false`
warning: ConwaySoifer/Geometry/Support.lean:42:32: Used `tac1 <;> tac2` where `(tac1; tac2)` would suffice

Note: This linter can be disabled with `set_option linter.unnecessarySeqFocus false`
warning: ConwaySoifer/Geometry/Support.lean:46:32: Used `tac1 <;> tac2` where `(tac1; tac2)` would suffice

Note: This linter can be disabled with `set_option linter.unnecessarySeqFocus false`
warning: ConwaySoifer/Geometry/Support.lean:50:32: Used `tac1 <;> tac2` where `(tac1; tac2)` would suffice

Note: This linter can be disabled with `set_option linter.unnecessarySeqFocus false`
warning: ConwaySoifer/Geometry/Support.lean:54:32: Used `tac1 <;> tac2` where `(tac1; tac2)` would suffice

Note: This linter can be disabled with `set_option linter.unnecessarySeqFocus false`
warning: ConwaySoifer/Geometry/Support.lean:68:39: Used `tac1 <;> tac2` where `(tac1; tac2)` would suffice

Note: This linter can be disabled with `set_option linter.unnecessarySeqFocus false`
warning: ConwaySoifer/Geometry/Support.lean:72:43: this tactic is never executed

Note: This linter can be disabled with `set_option linter.unreachableTactic false`
warning: ConwaySoifer/Geometry/Support.lean:72:43: 'ring' tactic does nothing

Note: This linter can be disabled with `set_option linter.unusedTactic false`
warning: ConwaySoifer/Geometry/Support.lean:76:53: this tactic is never executed

Note: This linter can be disabled with `set_option linter.unreachableTactic false`
warning: ConwaySoifer/Geometry/Support.lean:76:53: 'ring' tactic does nothing

Note: This linter can be disabled with `set_option linter.unusedTactic false`
warning: ConwaySoifer/Geometry/Support.lean:80:48: this tactic is never executed

Note: This linter can be disabled with `set_option linter.unreachableTactic false`
warning: ConwaySoifer/Geometry/Support.lean:80:48: 'ring' tactic does nothing

Note: This linter can be disabled with `set_option linter.unusedTactic false`
warning: ConwaySoifer/Geometry/Support.lean:323:61: Used `tac1 <;> tac2` where `(tac1; tac2)` would suffice

Note: This linter can be disabled with `set_option linter.unnecessarySeqFocus false`
warning: ConwaySoifer/Geometry/Support.lean:326:64: Used `tac1 <;> tac2` where `(tac1; tac2)` would suffice

Note: This linter can be disabled with `set_option linter.unnecessarySeqFocus false`
warning: ConwaySoifer/Geometry/Support.lean:329:64: Used `tac1 <;> tac2` where `(tac1; tac2)` would suffice

Note: This linter can be disabled with `set_option linter.unnecessarySeqFocus false`
warning: ConwaySoifer/Geometry/Support.lean:565:33: Used `tac1 <;> tac2` where `(tac1; tac2)` would suffice

Note: This linter can be disabled with `set_option linter.unnecessarySeqFocus false`
⚠ [3098/3102] Replayed ConwaySoifer.Certificates.CheckerSound
warning: ConwaySoifer/Certificates/CheckerSound.lean:670:33: This simp argument is unused:
  hord

Hint: Omit it from the simp argument list.
  simp [ordinaryCheck,̵ ̵h̵o̵r̵d̵] at h

Note: This linter can be disabled with `set_option linter.unusedSimpArgs false`
✔ [3102/3102] Built ConwaySoifer.Simplified.Certificates.Steps.Sint_200000_210000_5 (35s)
Build completed successfully (3102 jobs).
⚠ [3096/3102] Replayed ConwaySoifer.Geometry.Support
warning: ConwaySoifer/Geometry/Support.lean:38:54: Used `tac1 <;> tac2` where `(tac1; tac2)` would suffice

Note: This linter can be disabled with `set_option linter.unnecessarySeqFocus false`
warning: ConwaySoifer/Geometry/Support.lean:42:32: Used `tac1 <;> tac2` where `(tac1; tac2)` would suffice

Note: This linter can be disabled with `set_option linter.unnecessarySeqFocus false`
warning: ConwaySoifer/Geometry/Support.lean:46:32: Used `tac1 <;> tac2` where `(tac1; tac2)` would suffice

Note: This linter can be disabled with `set_option linter.unnecessarySeqFocus false`
warning: ConwaySoifer/Geometry/Support.lean:50:32: Used `tac1 <;> tac2` where `(tac1; tac2)` would suffice

Note: This linter can be disabled with `set_option linter.unnecessarySeqFocus false`
warning: ConwaySoifer/Geometry/Support.lean:54:32: Used `tac1 <;> tac2` where `(tac1; tac2)` would suffice

Note: This linter can be disabled with `set_option linter.unnecessarySeqFocus false`
warning: ConwaySoifer/Geometry/Support.lean:68:39: Used `tac1 <;> tac2` where `(tac1; tac2)` would suffice

Note: This linter can be disabled with `set_option linter.unnecessarySeqFocus false`
warning: ConwaySoifer/Geometry/Support.lean:72:43: this tactic is never executed

Note: This linter can be disabled with `set_option linter.unreachableTactic false`
warning: ConwaySoifer/Geometry/Support.lean:72:43: 'ring' tactic does nothing

Note: This linter can be disabled with `set_option linter.unusedTactic false`
warning: ConwaySoifer/Geometry/Support.lean:76:53: this tactic is never executed

Note: This linter can be disabled with `set_option linter.unreachableTactic false`
warning: ConwaySoifer/Geometry/Support.lean:76:53: 'ring' tactic does nothing

Note: This linter can be disabled with `set_option linter.unusedTactic false`
warning: ConwaySoifer/Geometry/Support.lean:80:48: this tactic is never executed

Note: This linter can be disabled with `set_option linter.unreachableTactic false`
warning: ConwaySoifer/Geometry/Support.lean:80:48: 'ring' tactic does nothing

Note: This linter can be disabled with `set_option linter.unusedTactic false`
warning: ConwaySoifer/Geometry/Support.lean:323:61: Used `tac1 <;> tac2` where `(tac1; tac2)` would suffice

Note: This linter can be disabled with `set_option linter.unnecessarySeqFocus false`
warning: ConwaySoifer/Geometry/Support.lean:326:64: Used `tac1 <;> tac2` where `(tac1; tac2)` would suffice

Note: This linter can be disabled with `set_option linter.unnecessarySeqFocus false`
warning: ConwaySoifer/Geometry/Support.lean:329:64: Used `tac1 <;> tac2` where `(tac1; tac2)` would suffice

Note: This linter can be disabled with `set_option linter.unnecessarySeqFocus false`
warning: ConwaySoifer/Geometry/Support.lean:565:33: Used `tac1 <;> tac2` where `(tac1; tac2)` would suffice

Note: This linter can be disabled with `set_option linter.unnecessarySeqFocus false`
⚠ [3098/3102] Replayed ConwaySoifer.Certificates.CheckerSound
warning: ConwaySoifer/Certificates/CheckerSound.lean:670:33: This simp argument is unused:
  hord

Hint: Omit it from the simp argument list.
  simp [ordinaryCheck,̵ ̵h̵o̵r̵d̵] at h

Note: This linter can be disabled with `set_option linter.unusedSimpArgs false`
✔ [3102/3102] Built ConwaySoifer.Simplified.Certificates.Steps.Sint_200000_210000_6 (46s)
Build completed successfully (3102 jobs).
⚠ [3096/3109] Replayed ConwaySoifer.Geometry.Support
warning: ConwaySoifer/Geometry/Support.lean:38:54: Used `tac1 <;> tac2` where `(tac1; tac2)` would suffice

Note: This linter can be disabled with `set_option linter.unnecessarySeqFocus false`
warning: ConwaySoifer/Geometry/Support.lean:42:32: Used `tac1 <;> tac2` where `(tac1; tac2)` would suffice

Note: This linter can be disabled with `set_option linter.unnecessarySeqFocus false`
warning: ConwaySoifer/Geometry/Support.lean:46:32: Used `tac1 <;> tac2` where `(tac1; tac2)` would suffice

Note: This linter can be disabled with `set_option linter.unnecessarySeqFocus false`
warning: ConwaySoifer/Geometry/Support.lean:50:32: Used `tac1 <;> tac2` where `(tac1; tac2)` would suffice

Note: This linter can be disabled with `set_option linter.unnecessarySeqFocus false`
warning: ConwaySoifer/Geometry/Support.lean:54:32: Used `tac1 <;> tac2` where `(tac1; tac2)` would suffice

Note: This linter can be disabled with `set_option linter.unnecessarySeqFocus false`
warning: ConwaySoifer/Geometry/Support.lean:68:39: Used `tac1 <;> tac2` where `(tac1; tac2)` would suffice

Note: This linter can be disabled with `set_option linter.unnecessarySeqFocus false`
warning: ConwaySoifer/Geometry/Support.lean:72:43: this tactic is never executed

Note: This linter can be disabled with `set_option linter.unreachableTactic false`
warning: ConwaySoifer/Geometry/Support.lean:72:43: 'ring' tactic does nothing

Note: This linter can be disabled with `set_option linter.unusedTactic false`
warning: ConwaySoifer/Geometry/Support.lean:76:53: this tactic is never executed

Note: This linter can be disabled with `set_option linter.unreachableTactic false`
warning: ConwaySoifer/Geometry/Support.lean:76:53: 'ring' tactic does nothing

Note: This linter can be disabled with `set_option linter.unusedTactic false`
warning: ConwaySoifer/Geometry/Support.lean:80:48: this tactic is never executed

Note: This linter can be disabled with `set_option linter.unreachableTactic false`
warning: ConwaySoifer/Geometry/Support.lean:80:48: 'ring' tactic does nothing

Note: This linter can be disabled with `set_option linter.unusedTactic false`
warning: ConwaySoifer/Geometry/Support.lean:323:61: Used `tac1 <;> tac2` where `(tac1; tac2)` would suffice

Note: This linter can be disabled with `set_option linter.unnecessarySeqFocus false`
warning: ConwaySoifer/Geometry/Support.lean:326:64: Used `tac1 <;> tac2` where `(tac1; tac2)` would suffice

Note: This linter can be disabled with `set_option linter.unnecessarySeqFocus false`
warning: ConwaySoifer/Geometry/Support.lean:329:64: Used `tac1 <;> tac2` where `(tac1; tac2)` would suffice

Note: This linter can be disabled with `set_option linter.unnecessarySeqFocus false`
warning: ConwaySoifer/Geometry/Support.lean:565:33: Used `tac1 <;> tac2` where `(tac1; tac2)` would suffice

Note: This linter can be disabled with `set_option linter.unnecessarySeqFocus false`
⚠ [3098/3109] Replayed ConwaySoifer.Certificates.CheckerSound
warning: ConwaySoifer/Certificates/CheckerSound.lean:670:33: This simp argument is unused:
  hord

Hint: Omit it from the simp argument list.
  simp [ordinaryCheck,̵ ̵h̵o̵r̵d̵] at h

Note: This linter can be disabled with `set_option linter.unusedSimpArgs false`
✔ [3109/3109] Built ConwaySoifer.Simplified.Certificates.Checked.Sint_200000_210000 (7.4s)
Build completed successfully (3109 jobs).
